// Jest Snapshot v1, https://goo.gl/fbAQLP

exports[`Checkbox should render correctly 1`] = `
<DocumentFragment>
  <label
    class="root testClass"
  >
    <input
      checked=""
      class="input"
      type="checkbox"
    />
    <span
      class="label"
    >
      test label
    </span>
  </label>
</DocumentFragment>
`;
